// Jest Snapshot v1, https://goo.gl/fbAQLP

exports[`should render ExpenseListItem correctly 1`] = `
<Link
  className="list-item"
  to="/edit/1"
>
  <div>
    <h3>
      Gum
    </h3>
    <span>
      $1.95
    </span>
  </div>
  <h3>
    January 1st, 1970
  </h3>
</Link>
`;
